2025-03-23 23:15:08,773 - INFO - Epoch 1/50: Loss=0.559140, mAP=0.069, mIoU=0.853, F1=0.171
2025-03-23 23:17:41,989 - INFO - Epoch 2/50: Loss=0.476858, mAP=0.094, mIoU=0.839, F1=0.244
2025-03-23 23:20:14,821 - INFO - Epoch 3/50: Loss=0.417681, mAP=0.119, mIoU=0.850, F1=0.290
2025-03-23 23:22:46,247 - INFO - Epoch 4/50: Loss=0.383046, mAP=0.137, mIoU=0.849, F1=0.302
2025-03-23 23:25:18,560 - INFO - Epoch 5/50: Loss=0.351644, mAP=0.137, mIoU=0.844, F1=0.286
2025-03-23 23:27:51,249 - INFO - Epoch 6/50: Loss=0.325724, mAP=0.144, mIoU=0.855, F1=0.346
2025-03-23 23:30:23,357 - INFO - Epoch 7/50: Loss=0.305315, mAP=0.147, mIoU=0.864, F1=0.374
2025-03-23 23:32:56,970 - INFO - Epoch 8/50: Loss=0.289783, mAP=0.149, mIoU=0.861, F1=0.333
2025-03-23 23:35:30,437 - INFO - Epoch 9/50: Loss=0.270898, mAP=0.152, mIoU=0.858, F1=0.353
2025-03-23 23:38:03,247 - INFO - Epoch 10/50: Loss=0.254415, mAP=0.148, mIoU=0.877, F1=0.409
2025-03-23 23:40:35,345 - INFO - Epoch 11/50: Loss=0.239741, mAP=0.143, mIoU=0.862, F1=0.364
2025-03-23 23:43:06,437 - INFO - Epoch 12/50: Loss=0.222184, mAP=0.149, mIoU=0.880, F1=0.426
2025-03-23 23:45:41,042 - INFO - Epoch 13/50: Loss=0.207412, mAP=0.145, mIoU=0.872, F1=0.395
2025-03-23 23:48:14,567 - INFO - Epoch 14/50: Loss=0.194380, mAP=0.154, mIoU=0.870, F1=0.386
2025-03-23 23:50:51,777 - INFO - Epoch 15/50: Loss=0.182824, mAP=0.149, mIoU=0.858, F1=0.341
2025-03-23 23:53:26,726 - INFO - Epoch 16/50: Loss=0.170832, mAP=0.147, mIoU=0.872, F1=0.392
2025-03-23 23:58:08,192 - INFO - Epoch 17/50: Loss=0.158866, mAP=0.150, mIoU=0.881, F1=0.410
2025-03-24 00:00:40,508 - INFO - Epoch 18/50: Loss=0.149048, mAP=0.144, mIoU=0.883, F1=0.442
2025-03-24 00:03:15,014 - INFO - Epoch 19/50: Loss=0.136832, mAP=0.146, mIoU=0.883, F1=0.416
2025-03-24 00:05:48,088 - INFO - Epoch 20/50: Loss=0.130577, mAP=0.147, mIoU=0.884, F1=0.403
2025-03-24 00:08:21,094 - INFO - Epoch 21/50: Loss=0.120849, mAP=0.142, mIoU=0.892, F1=0.431
2025-03-24 00:10:53,954 - INFO - Epoch 22/50: Loss=0.114366, mAP=0.145, mIoU=0.885, F1=0.422
2025-03-24 00:13:26,436 - INFO - Epoch 23/50: Loss=0.106961, mAP=0.142, mIoU=0.880, F1=0.407
2025-03-24 00:15:59,105 - INFO - Epoch 24/50: Loss=0.099993, mAP=0.140, mIoU=0.884, F1=0.414
2025-03-24 00:18:31,030 - INFO - Epoch 25/50: Loss=0.095701, mAP=0.144, mIoU=0.888, F1=0.423
2025-03-24 00:21:03,976 - INFO - Epoch 26/50: Loss=0.086931, mAP=0.139, mIoU=0.891, F1=0.423
2025-03-24 00:23:37,846 - INFO - Epoch 27/50: Loss=0.083688, mAP=0.141, mIoU=0.890, F1=0.434
2025-03-24 00:26:12,808 - INFO - Epoch 28/50: Loss=0.078664, mAP=0.141, mIoU=0.894, F1=0.441
2025-03-24 00:28:48,176 - INFO - Epoch 29/50: Loss=0.071847, mAP=0.139, mIoU=0.886, F1=0.426
2025-03-24 00:31:21,657 - INFO - Epoch 30/50: Loss=0.066261, mAP=0.139, mIoU=0.894, F1=0.452
2025-03-24 00:33:55,683 - INFO - Epoch 31/50: Loss=0.062261, mAP=0.140, mIoU=0.896, F1=0.456
2025-03-24 00:36:30,536 - INFO - Epoch 32/50: Loss=0.056890, mAP=0.143, mIoU=0.893, F1=0.456
2025-03-24 00:39:04,597 - INFO - Epoch 33/50: Loss=0.054693, mAP=0.137, mIoU=0.891, F1=0.437
2025-03-24 00:41:37,720 - INFO - Epoch 34/50: Loss=0.051201, mAP=0.135, mIoU=0.895, F1=0.447
2025-03-24 00:44:12,290 - INFO - Epoch 35/50: Loss=0.046623, mAP=0.141, mIoU=0.889, F1=0.451
2025-03-24 00:46:45,778 - INFO - Epoch 36/50: Loss=0.043473, mAP=0.139, mIoU=0.895, F1=0.451
2025-03-24 00:49:19,804 - INFO - Epoch 37/50: Loss=0.040078, mAP=0.140, mIoU=0.895, F1=0.460
2025-03-24 00:51:53,611 - INFO - Epoch 38/50: Loss=0.037185, mAP=0.137, mIoU=0.892, F1=0.445
2025-03-24 00:54:28,056 - INFO - Epoch 39/50: Loss=0.034579, mAP=0.138, mIoU=0.893, F1=0.450
2025-03-24 00:57:01,466 - INFO - Epoch 40/50: Loss=0.032379, mAP=0.138, mIoU=0.895, F1=0.432
2025-03-24 00:59:34,777 - INFO - Epoch 41/50: Loss=0.031247, mAP=0.140, mIoU=0.895, F1=0.448
2025-03-24 01:03:37,566 - INFO - Epoch 42/50: Loss=0.027975, mAP=0.138, mIoU=0.892, F1=0.433
2025-03-24 01:06:11,578 - INFO - Epoch 43/50: Loss=0.026851, mAP=0.137, mIoU=0.894, F1=0.444
2025-03-24 01:08:46,215 - INFO - Epoch 44/50: Loss=0.025806, mAP=0.135, mIoU=0.895, F1=0.436
2025-03-24 01:11:20,340 - INFO - Epoch 45/50: Loss=0.024835, mAP=0.136, mIoU=0.893, F1=0.443
2025-03-24 01:13:54,161 - INFO - Epoch 46/50: Loss=0.024501, mAP=0.136, mIoU=0.894, F1=0.426
2025-03-24 01:16:28,925 - INFO - Epoch 47/50: Loss=0.024382, mAP=0.136, mIoU=0.894, F1=0.434
2025-03-24 01:19:02,603 - INFO - Epoch 48/50: Loss=0.023498, mAP=0.135, mIoU=0.894, F1=0.437
2025-03-24 01:21:36,453 - INFO - Epoch 49/50: Loss=0.023290, mAP=0.135, mIoU=0.894, F1=0.436
2025-03-24 01:24:10,134 - INFO - Epoch 50/50: Loss=0.022550, mAP=0.135, mIoU=0.894, F1=0.435
2025-03-24 20:11:03,175 [INFO] Epoch 1/50: Loss=0.558719, mAP=0.069, mIoU=0.846, F1=0.000
2025-04-02 21:29:56,231 - INFO - Epoch 1/2: Loss=0.556579, mAP=0.043, mIoU=0.840, F1=0.152
2025-04-02 21:32:27,670 - INFO - Epoch 2/2: Loss=0.468455, mAP=0.097, mIoU=0.834, F1=0.235
2025-04-06 10:32:47,218 - INFO - Epoch 1/2: Loss=0.544925, mAP=0.058, mIoU=0.829, F1=0.185
2025-04-06 10:35:20,611 - INFO - Epoch 2/2: Loss=0.463716, mAP=0.093, mIoU=0.850, F1=0.265
2025-04-08 11:02:58,509 - INFO - Loading data...
2025-04-08 11:02:59,043 - INFO - Data loaded: Train batches=33, Test batches=10
2025-04-08 11:02:59,043 - INFO - Initializing model...
2025-04-08 11:03:00,317 - INFO - Model initialized successfully.
2025-04-08 11:03:00,319 - INFO - Epoch 1/20 starting...
2025-04-08 11:17:04,737 - ERROR - Error in main: DataLoader worker (pid(s) 2014682) exited unexpectedly
2025-04-08 11:17:05,544 - ERROR - Traceback (most recent call last):
  File "/data/miniconda3/envs/newenv/lib/python3.13/site-packages/torch/utils/data/dataloader.py", line 1251, in _try_get_data
    data = self._data_queue.get(timeout=timeout)
  File "/data/miniconda3/envs/newenv/lib/python3.13/multiprocessing/queues.py", line 111, in get
    if not self._poll(timeout):
           ~~~~~~~~~~^^^^^^^^^
  File "/data/miniconda3/envs/newenv/lib/python3.13/multiprocessing/connection.py", line 257, in poll
    return self._poll(timeout)
           ~~~~~~~~~~^^^^^^^^^
  File "/data/miniconda3/envs/newenv/lib/python3.13/multiprocessing/connection.py", line 440, in _poll
    r = wait([self], timeout)
  File "/data/miniconda3/envs/newenv/lib/python3.13/multiprocessing/connection.py", line 1148, in wait
    ready = selector.select(timeout)
  File "/data/miniconda3/envs/newenv/lib/python3.13/selectors.py", line 398, in select
    fd_event_list = self._selector.poll(timeout)
  File "/data/miniconda3/envs/newenv/lib/python3.13/site-packages/torch/utils/data/_utils/signal_handling.py", line 73, in handler
    _error_if_any_worker_fails()
    ~~~~~~~~~~~~~~~~~~~~~~~~~~^^
RuntimeError: DataLoader worker (pid 2014682) is killed by signal: Bus error. It is possible that dataloader's workers are out of shared memory. Please try to raise your shared memory limit.

The above exception was the direct cause of the following exception:

Traceback (most recent call last):
  File "/data/manan/NeighborNet/main2.py", line 369, in main
    avg_loss = train_epoch(trainload, model, opti, lr_scheduler, gpu)
  File "/data/manan/NeighborNet/main2.py", line 255, in train_epoch
    for i, sample in enumerate(progress):
                     ~~~~~~~~~^^^^^^^^^^
  File "/data/miniconda3/envs/newenv/lib/python3.13/site-packages/tqdm/std.py", line 1181, in __iter__
    for obj in iterable:
               ^^^^^^^^
  File "/data/miniconda3/envs/newenv/lib/python3.13/site-packages/torch/utils/data/dataloader.py", line 708, in __next__
    data = self._next_data()
  File "/data/miniconda3/envs/newenv/lib/python3.13/site-packages/torch/utils/data/dataloader.py", line 1458, in _next_data
    idx, data = self._get_data()
                ~~~~~~~~~~~~~~^^
  File "/data/miniconda3/envs/newenv/lib/python3.13/site-packages/torch/utils/data/dataloader.py", line 1420, in _get_data
    success, data = self._try_get_data()
                    ~~~~~~~~~~~~~~~~~~^^
  File "/data/miniconda3/envs/newenv/lib/python3.13/site-packages/torch/utils/data/dataloader.py", line 1264, in _try_get_data
    raise RuntimeError(
        f"DataLoader worker (pid(s) {pids_str}) exited unexpectedly"
    ) from e
RuntimeError: DataLoader worker (pid(s) 2014682) exited unexpectedly

